12 unused translations found
+--------+-----------+------------------------------------+-----------------------+
| Locale | Namespace | Key                                | Value                 |
+--------+-----------+------------------------------------+-----------------------+
| en     | example   | example.unused                     | I am unused in vendor |
| en     | example   | example.blade.choice.unused        | I am unused in vendor |
| en     | example   | example.blade.lang.unused          | I am unused in vendor |
| en     | example   | folder/example.unused              | I am unused           |
| en     | example   | folder/example.blade.choice.unused | I am unused           |
| en     | example   | folder/example.blade.lang.unused   | I am unused           |
| en     |           | example.unused                     | I am unused           |
| en     |           | example.blade.choice.unused        | I am unused           |
| en     |           | example.blade.lang.unused          | I am unused           |
| en     |           | folder/example.unused              | I am unused           |
| en     |           | folder/example.blade.choice.unused | I am unused           |
| en     |           | folder/example.blade.lang.unused   | I am unused           |
+--------+-----------+------------------------------------+-----------------------+
