{
    "en": [
        "example.missing",
        "Missing PHP Class",
        "Only Missing English PHP Class",
        "example::folder/example.missing",
        "folder/example.missing",
        "example::example.missing",
        "example.vue.missing",
        "folder/example.vue.missing",
        "example::example.vue.missing",
        "example::folder/example.vue.missing",
        "Missing Vue Component",
        "Missing Vendor Vue Component",
        "example.blade.lang.missing",
        "folder/example.blade.lang.missing",
        "example::example.blade.lang.missing",
        "example::folder/example.blade.lang.missing",
        "Missing Blade File",
        "example.blade.choice.missing",
        "folder/example.blade.choice.missing",
        "example::example.blade.choice.missing",
        "example::folder/example.blade.choice.missing"
    ],
    "de": [
        "example::example.used",
        "example::folder/example.used",
        "example.missing",
        "Missing PHP Class",
        "example::folder/example.missing",
        "folder/example.missing",
        "example::example.missing",
        "example.vue.missing",
        "folder/example.vue.missing",
        "example::example.vue.missing",
        "example::folder/example.vue.missing",
        "Missing Vue Component",
        "Missing Vendor Vue Component",
        "example::example.vue.used",
        "example::folder/example.vue.used",
        "example.blade.lang.missing",
        "folder/example.blade.lang.missing",
        "example::example.blade.lang.missing",
        "example::folder/example.blade.lang.missing",
        "Missing Blade File",
        "example.blade.choice.missing",
        "folder/example.blade.choice.missing",
        "example::example.blade.choice.missing",
        "example::folder/example.blade.choice.missing",
        "example::example.blade.lang.used",
        "example::folder/example.blade.lang.used",
        "example::example.blade.choice.used",
        "example::folder/example.blade.choice.used"
    ]
}